../Core/Src/main.c:85:6:calcsin	16	static
../Core/Src/main.c:97:5:main	32	static
../Core/Src/main.c:185:6:SystemClock_Config	88	static
../Core/Src/main.c:231:13:MX_ADC1_Init	24	static
../Core/Src/main.c:283:13:MX_DAC_Init	16	static
../Core/Src/main.c:323:13:MX_I2C1_Init	8	static
../Core/Src/main.c:357:13:MX_TIM2_Init	32	static
../Core/Src/main.c:400:13:MX_DMA_Init	16	static
../Core/Src/main.c:422:13:MX_GPIO_Init	56	static
../Core/Src/main.c:528:6:INTERUPT_ROUTINE	4	static
../Core/Src/main.c:538:6:Error_Handler	4	static,ignoring_inline_asm
