../Core/Src/PB_LCD_Drivers.c:35:6:PB_LCD_Set_As_Output	24	static
../Core/Src/PB_LCD_Drivers.c:50:6:PB_LCD_Set_As_Input	32	static
../Core/Src/PB_LCD_Drivers.c:64:6:PB_LCD_Microdelay	24	static
../Core/Src/PB_LCD_Drivers.c:83:9:PB_LCD_IsBusy	24	static
../Core/Src/PB_LCD_Drivers.c:114:6:PB_LCD_Write	24	static
../Core/Src/PB_LCD_Drivers.c:137:6:PB_LCD_Init	16	static
../Core/Src/PB_LCD_Drivers.c:192:6:PB_LCD_Clear	8	static
../Core/Src/PB_LCD_Drivers.c:196:6:PB_LCD_GoToXY	16	static
../Core/Src/PB_LCD_Drivers.c:203:6:PB_LCD_WriteChar	16	static
../Core/Src/PB_LCD_Drivers.c:208:6:PB_LCD_WriteString	16	static
